<?xml version="1.0" encoding="UTF-8"?>
<TestRun id="e18c31a6-2292-47bc-a3a3-03b1841c92ed" name="DESARROLLO3@LACIELSA-PC 2013-02-16 03:55:08" runUser="LACIELSA-PC\DESARROLLO3" xmlns="http://microsoft.com/schemas/VisualStudio/TeamTest/2010">
  <TestSettings name="Local" id="e7f51b93-8dd8-42ac-b4a6-482093380ace">
    <Description>These are default test settings for a local test run.</Description>
    <Deployment enabled="false" runDeploymentRoot="DESARROLLO3_LACIELSA-PC 2013-02-16 03_55_08" />
    <Execution>
      <TestTypeSpecific />
      <AgentRule name="Execution Agents">
      </AgentRule>
    </Execution>
  </TestSettings>
  <Times creation="2013-02-16T03:55:08.2498662-05:00" queuing="2013-02-16T03:55:09.4989377-05:00" start="2013-02-16T03:55:09.6079439-05:00" finish="2013-02-16T03:55:11.3170417-05:00" />
  <ResultSummary outcome="Failed">
    <Counters total="1" executed="1" error="0" failed="1" timeout="0" aborted="0" inconclusive="0" passedButRunAborted="0" notRunnable="0" notExecuted="0" disconnected="0" warning="0" passed="0" completed="0" inProgress="0" pending="0" />
  </ResultSummary>
  <TestDefinitions>
    <UnitTest name="ListarImpuestosTest" storage="c:\users\desarrollo3\desktop\restservices\resttests\bin\debug\resttests.dll" id="185e0f47-b7a2-527e-e181-c52da00f1602">
      <Execution id="e32fda72-5a73-44ed-9c44-77a33b9e4164" />
      <TestMethod codeBase="C:/Users/DESARROLLO3/Desktop/RestServices/RestTests/bin/Debug/RestTests.DLL" adapterTypeName="Microsoft.VisualStudio.TestTools.TestTypes.Unit.UnitTestAdapter, Microsoft.VisualStudio.QualityTools.Tips.UnitTest.Adapter, Version=10.0.0.0, Culture=neutral, PublicKeyToken=b03f5f7f11d50a3a" className="RestTests.ImpuestosTest, RestTests, Version=1.0.0.0, Culture=neutral, PublicKeyToken=null" name="ListarImpuestosTest" />
    </UnitTest>
  </TestDefinitions>
  <TestLists>
    <TestList name="Results Not in a List" id="8c84fa94-04c1-424b-9868-57a2d4851a1d" />
    <TestList name="All Loaded Results" id="19431567-8539-422a-85d7-44ee4e166bda" />
  </TestLists>
  <TestEntries>
    <TestEntry testId="185e0f47-b7a2-527e-e181-c52da00f1602" executionId="e32fda72-5a73-44ed-9c44-77a33b9e4164" testListId="8c84fa94-04c1-424b-9868-57a2d4851a1d" />
  </TestEntries>
  <Results>
    <UnitTestResult executionId="e32fda72-5a73-44ed-9c44-77a33b9e4164" testId="185e0f47-b7a2-527e-e181-c52da00f1602" testName="ListarImpuestosTest" computerName="LACIELSA-PC" duration="00:00:01.1813758" startTime="2013-02-16T03:55:09.6759478-05:00" endTime="2013-02-16T03:55:11.2900401-05:00" testType="13cdc9d9-ddb5-4fa4-a97d-d965ccfc6d4b" outcome="Failed" testListId="8c84fa94-04c1-424b-9868-57a2d4851a1d" relativeResultsDirectory="e32fda72-5a73-44ed-9c44-77a33b9e4164">
      <Output>
        <ErrorInfo>
          <Message>Assert.AreEqual failed. Expected:&lt;1&gt;. Actual:&lt;[{"Dni":"45675449","Fecha":"28\/02\/13","Multa":254.40,"NumCuota":"2013-01","Placa":"AC-425  "},{"Dni":"45675449","Fecha":"30\/05\/13","Multa":254.40,"NumCuota":"2013-02","Placa":"AC-425  "},{"Dni":"45675449","Fecha":"30\/08\/13","Multa":254.40,"NumCuota":"2013-03","Placa":"AC-425  "},{"Dni":"45675449","Fecha":"30\/11\/13","Multa":254.40,"NumCuota":"2013-04","Placa":"AC-425  "}]&gt;. </Message>
          <StackTrace>   at RestTests.ImpuestosTest.ListarImpuestosTest() in C:\Users\DESARROLLO3\Desktop\RestServices\RestTests\ImpuestosTest.cs:line 26
</StackTrace>
        </ErrorInfo>
      </Output>
    </UnitTestResult>
  </Results>
</TestRun>